CRITICAL - 2026-06-11 10:40:36 --> ErrorException: Undefined variable $result
[Method: GET, Route: mymembers]
in APPPATH\Views\members-management\members-main.php on line 766.
 1 APPPATH\Views\members-management\members-main.php(766): CodeIgniter\Debug\Exceptions->errorHandler(2, 'Undefined variable $result', 'C:\\xampp\\htdocs\\sslais\\app\\Views\\members-management\\members-main.php', 766)
 2 SYSTEMPATH\View\View.php(224): include('C:\\xampp\\htdocs\\sslais\\app\\Views\\members-management\\members-main.php')
 3 SYSTEMPATH\View\View.php(227): CodeIgniter\View\View->CodeIgniter\View\{closure}()
 4 SYSTEMPATH\Common.php(1173): CodeIgniter\View\View->render('members-management/members-main', [], true)
 5 APPPATH\Controllers\MembersManagementController.php(95): view('members-management/members-main', [...])
 6 APPPATH\Controllers\MembersManagementController.php(24): App\Controllers\MembersManagementController->loadMembersView()
 7 SYSTEMPATH\CodeIgniter.php(933): App\Controllers\MembersManagementController->index()
 8 SYSTEMPATH\CodeIgniter.php(507): CodeIgniter\CodeIgniter->runController(Object(App\Controllers\MembersManagementController))
 9 SYSTEMPATH\CodeIgniter.php(354): CodeIgniter\CodeIgniter->handleRequest(null, Object(Config\Cache), false)
10 SYSTEMPATH\Boot.php(334): CodeIgniter\CodeIgniter->run()
11 SYSTEMPATH\Boot.php(67): CodeIgniter\Boot::runCodeIgniter(Object(CodeIgniter\CodeIgniter))
12 FCPATH\index.php(56): CodeIgniter\Boot::bootWeb(Object(Config\Paths))
CRITICAL - 2026-06-11 10:41:27 --> ErrorException: Undefined array key "file_path"
[Method: GET, Route: mymembers]
in APPPATH\Views\members-management\members-main.php on line 656.
 1 APPPATH\Views\members-management\members-main.php(656): CodeIgniter\Debug\Exceptions->errorHandler(2, 'Undefined array key "file_path"', 'C:\\xampp\\htdocs\\sslais\\app\\Views\\members-management\\members-main.php', 656)
 2 SYSTEMPATH\View\View.php(224): include('C:\\xampp\\htdocs\\sslais\\app\\Views\\members-management\\members-main.php')
 3 SYSTEMPATH\View\View.php(227): CodeIgniter\View\View->CodeIgniter\View\{closure}()
 4 SYSTEMPATH\Common.php(1173): CodeIgniter\View\View->render('members-management/members-main', [], true)
 5 APPPATH\Controllers\MembersManagementController.php(95): view('members-management/members-main', [...])
 6 APPPATH\Controllers\MembersManagementController.php(24): App\Controllers\MembersManagementController->loadMembersView()
 7 SYSTEMPATH\CodeIgniter.php(933): App\Controllers\MembersManagementController->index()
 8 SYSTEMPATH\CodeIgniter.php(507): CodeIgniter\CodeIgniter->runController(Object(App\Controllers\MembersManagementController))
 9 SYSTEMPATH\CodeIgniter.php(354): CodeIgniter\CodeIgniter->handleRequest(null, Object(Config\Cache), false)
10 SYSTEMPATH\Boot.php(334): CodeIgniter\CodeIgniter->run()
11 SYSTEMPATH\Boot.php(67): CodeIgniter\Boot::runCodeIgniter(Object(CodeIgniter\CodeIgniter))
12 FCPATH\index.php(56): CodeIgniter\Boot::bootWeb(Object(Config\Paths))
CRITICAL - 2026-06-11 10:43:18 --> ErrorException: Undefined array key "file_path"
[Method: GET, Route: mymembers]
in APPPATH\Views\members-management\members-main.php on line 656.
 1 APPPATH\Views\members-management\members-main.php(656): CodeIgniter\Debug\Exceptions->errorHandler(2, 'Undefined array key "file_path"', 'C:\\xampp\\htdocs\\sslais\\app\\Views\\members-management\\members-main.php', 656)
 2 SYSTEMPATH\View\View.php(224): include('C:\\xampp\\htdocs\\sslais\\app\\Views\\members-management\\members-main.php')
 3 SYSTEMPATH\View\View.php(227): CodeIgniter\View\View->CodeIgniter\View\{closure}()
 4 SYSTEMPATH\Common.php(1173): CodeIgniter\View\View->render('members-management/members-main', [], true)
 5 APPPATH\Controllers\MembersManagementController.php(95): view('members-management/members-main', [...])
 6 APPPATH\Controllers\MembersManagementController.php(24): App\Controllers\MembersManagementController->loadMembersView()
 7 SYSTEMPATH\CodeIgniter.php(933): App\Controllers\MembersManagementController->index()
 8 SYSTEMPATH\CodeIgniter.php(507): CodeIgniter\CodeIgniter->runController(Object(App\Controllers\MembersManagementController))
 9 SYSTEMPATH\CodeIgniter.php(354): CodeIgniter\CodeIgniter->handleRequest(null, Object(Config\Cache), false)
10 SYSTEMPATH\Boot.php(334): CodeIgniter\CodeIgniter->run()
11 SYSTEMPATH\Boot.php(67): CodeIgniter\Boot::runCodeIgniter(Object(CodeIgniter\CodeIgniter))
12 FCPATH\index.php(56): CodeIgniter\Boot::bootWeb(Object(Config\Paths))
CRITICAL - 2026-06-11 10:50:19 --> ErrorException: Cannot redeclare format_file_size() (previously declared in C:\xampp\htdocs\sslais\app\Views\members-management\members-main.php:69)
[Method: GET, Route: mymembers]
in APPPATH\Views\members-management\members-main.php on line 838.
 1 [internal function]: CodeIgniter\Debug\Exceptions->shutdownHandler()
CRITICAL - 2026-06-11 10:51:21 --> ErrorException: Undefined array key "file_path"
[Method: GET, Route: mymembers]
in APPPATH\Views\members-management\members-main.php on line 656.
 1 APPPATH\Views\members-management\members-main.php(656): CodeIgniter\Debug\Exceptions->errorHandler(2, 'Undefined array key "file_path"', 'C:\\xampp\\htdocs\\sslais\\app\\Views\\members-management\\members-main.php', 656)
 2 SYSTEMPATH\View\View.php(224): include('C:\\xampp\\htdocs\\sslais\\app\\Views\\members-management\\members-main.php')
 3 SYSTEMPATH\View\View.php(227): CodeIgniter\View\View->CodeIgniter\View\{closure}()
 4 SYSTEMPATH\Common.php(1173): CodeIgniter\View\View->render('members-management/members-main', [], true)
 5 APPPATH\Controllers\MembersManagementController.php(95): view('members-management/members-main', [...])
 6 APPPATH\Controllers\MembersManagementController.php(24): App\Controllers\MembersManagementController->loadMembersView()
 7 SYSTEMPATH\CodeIgniter.php(933): App\Controllers\MembersManagementController->index()
 8 SYSTEMPATH\CodeIgniter.php(507): CodeIgniter\CodeIgniter->runController(Object(App\Controllers\MembersManagementController))
 9 SYSTEMPATH\CodeIgniter.php(354): CodeIgniter\CodeIgniter->handleRequest(null, Object(Config\Cache), false)
10 SYSTEMPATH\Boot.php(334): CodeIgniter\CodeIgniter->run()
11 SYSTEMPATH\Boot.php(67): CodeIgniter\Boot::runCodeIgniter(Object(CodeIgniter\CodeIgniter))
12 FCPATH\index.php(56): CodeIgniter\Boot::bootWeb(Object(Config\Paths))
CRITICAL - 2026-06-11 10:51:41 --> ErrorException: Undefined array key "file_path"
[Method: GET, Route: mymembers]
in APPPATH\Views\members-management\members-main.php on line 655.
 1 APPPATH\Views\members-management\members-main.php(655): CodeIgniter\Debug\Exceptions->errorHandler(2, 'Undefined array key "file_path"', 'C:\\xampp\\htdocs\\sslais\\app\\Views\\members-management\\members-main.php', 655)
 2 SYSTEMPATH\View\View.php(224): include('C:\\xampp\\htdocs\\sslais\\app\\Views\\members-management\\members-main.php')
 3 SYSTEMPATH\View\View.php(227): CodeIgniter\View\View->CodeIgniter\View\{closure}()
 4 SYSTEMPATH\Common.php(1173): CodeIgniter\View\View->render('members-management/members-main', [], true)
 5 APPPATH\Controllers\MembersManagementController.php(95): view('members-management/members-main', [...])
 6 APPPATH\Controllers\MembersManagementController.php(24): App\Controllers\MembersManagementController->loadMembersView()
 7 SYSTEMPATH\CodeIgniter.php(933): App\Controllers\MembersManagementController->index()
 8 SYSTEMPATH\CodeIgniter.php(507): CodeIgniter\CodeIgniter->runController(Object(App\Controllers\MembersManagementController))
 9 SYSTEMPATH\CodeIgniter.php(354): CodeIgniter\CodeIgniter->handleRequest(null, Object(Config\Cache), false)
10 SYSTEMPATH\Boot.php(334): CodeIgniter\CodeIgniter->run()
11 SYSTEMPATH\Boot.php(67): CodeIgniter\Boot::runCodeIgniter(Object(CodeIgniter\CodeIgniter))
12 FCPATH\index.php(56): CodeIgniter\Boot::bootWeb(Object(Config\Paths))
CRITICAL - 2026-06-11 10:51:47 --> ErrorException: Undefined array key "file_path"
[Method: GET, Route: mymembers]
in APPPATH\Views\members-management\members-main.php on line 656.
 1 APPPATH\Views\members-management\members-main.php(656): CodeIgniter\Debug\Exceptions->errorHandler(2, 'Undefined array key "file_path"', 'C:\\xampp\\htdocs\\sslais\\app\\Views\\members-management\\members-main.php', 656)
 2 SYSTEMPATH\View\View.php(224): include('C:\\xampp\\htdocs\\sslais\\app\\Views\\members-management\\members-main.php')
 3 SYSTEMPATH\View\View.php(227): CodeIgniter\View\View->CodeIgniter\View\{closure}()
 4 SYSTEMPATH\Common.php(1173): CodeIgniter\View\View->render('members-management/members-main', [], true)
 5 APPPATH\Controllers\MembersManagementController.php(95): view('members-management/members-main', [...])
 6 APPPATH\Controllers\MembersManagementController.php(24): App\Controllers\MembersManagementController->loadMembersView()
 7 SYSTEMPATH\CodeIgniter.php(933): App\Controllers\MembersManagementController->index()
 8 SYSTEMPATH\CodeIgniter.php(507): CodeIgniter\CodeIgniter->runController(Object(App\Controllers\MembersManagementController))
 9 SYSTEMPATH\CodeIgniter.php(354): CodeIgniter\CodeIgniter->handleRequest(null, Object(Config\Cache), false)
10 SYSTEMPATH\Boot.php(334): CodeIgniter\CodeIgniter->run()
11 SYSTEMPATH\Boot.php(67): CodeIgniter\Boot::runCodeIgniter(Object(CodeIgniter\CodeIgniter))
12 FCPATH\index.php(56): CodeIgniter\Boot::bootWeb(Object(Config\Paths))
CRITICAL - 2026-06-11 10:51:51 --> ErrorException: Undefined array key "file_path"
[Method: GET, Route: mymembers]
in APPPATH\Views\members-management\members-main.php on line 656.
 1 APPPATH\Views\members-management\members-main.php(656): CodeIgniter\Debug\Exceptions->errorHandler(2, 'Undefined array key "file_path"', 'C:\\xampp\\htdocs\\sslais\\app\\Views\\members-management\\members-main.php', 656)
 2 SYSTEMPATH\View\View.php(224): include('C:\\xampp\\htdocs\\sslais\\app\\Views\\members-management\\members-main.php')
 3 SYSTEMPATH\View\View.php(227): CodeIgniter\View\View->CodeIgniter\View\{closure}()
 4 SYSTEMPATH\Common.php(1173): CodeIgniter\View\View->render('members-management/members-main', [], true)
 5 APPPATH\Controllers\MembersManagementController.php(95): view('members-management/members-main', [...])
 6 APPPATH\Controllers\MembersManagementController.php(24): App\Controllers\MembersManagementController->loadMembersView()
 7 SYSTEMPATH\CodeIgniter.php(933): App\Controllers\MembersManagementController->index()
 8 SYSTEMPATH\CodeIgniter.php(507): CodeIgniter\CodeIgniter->runController(Object(App\Controllers\MembersManagementController))
 9 SYSTEMPATH\CodeIgniter.php(354): CodeIgniter\CodeIgniter->handleRequest(null, Object(Config\Cache), false)
10 SYSTEMPATH\Boot.php(334): CodeIgniter\CodeIgniter->run()
11 SYSTEMPATH\Boot.php(67): CodeIgniter\Boot::runCodeIgniter(Object(CodeIgniter\CodeIgniter))
12 FCPATH\index.php(56): CodeIgniter\Boot::bootWeb(Object(Config\Paths))
