CRITICAL - 2026-06-17 13:48:45 --> ErrorException: Trying to access array offset on value of type null
[Method: GET, Route: myloanprofile]
in APPPATH\Views\loan-availment\loan-profile-main.php on line 867.
 1 APPPATH\Views\loan-availment\loan-profile-main.php(867): CodeIgniter\Debug\Exceptions->errorHandler(2, 'Trying to access array offset on value of type null', 'C:\\xampp\\htdocs\\sslais\\app\\Views\\loan-availment\\loan-profile-main.php', 867)
 2 SYSTEMPATH\View\View.php(224): include('C:\\xampp\\htdocs\\sslais\\app\\Views\\loan-availment\\loan-profile-main.php')
 3 SYSTEMPATH\View\View.php(227): CodeIgniter\View\View->CodeIgniter\View\{closure}()
 4 SYSTEMPATH\Common.php(1173): CodeIgniter\View\View->render('loan-availment/loan-profile-main', [], true)
 5 APPPATH\Controllers\LoanProfileController.php(24): view('loan-availment/loan-profile-main')
 6 SYSTEMPATH\CodeIgniter.php(933): App\Controllers\LoanProfileController->index()
 7 SYSTEMPATH\CodeIgniter.php(507): CodeIgniter\CodeIgniter->runController(Object(App\Controllers\LoanProfileController))
 8 SYSTEMPATH\CodeIgniter.php(354): CodeIgniter\CodeIgniter->handleRequest(null, Object(Config\Cache), false)
 9 SYSTEMPATH\Boot.php(334): CodeIgniter\CodeIgniter->run()
10 SYSTEMPATH\Boot.php(67): CodeIgniter\Boot::runCodeIgniter(Object(CodeIgniter\CodeIgniter))
11 FCPATH\index.php(56): CodeIgniter\Boot::bootWeb(Object(Config\Paths))
ERROR - 2026-06-17 14:37:58 --> mysqli_sql_exception: Unknown column 'approval_status' in 'where clause' in C:\xampp\htdocs\sslais\system\Database\MySQLi\Connection.php:327
Stack trace:
#0 C:\xampp\htdocs\sslais\system\Database\MySQLi\Connection.php(327): mysqli->query('SELECT COUNT(*)...', 0)
#1 C:\xampp\htdocs\sslais\system\Database\BaseConnection.php(738): CodeIgniter\Database\MySQLi\Connection->execute('SELECT COUNT(*)...')
#2 C:\xampp\htdocs\sslais\system\Database\BaseConnection.php(652): CodeIgniter\Database\BaseConnection->simpleQuery('SELECT COUNT(*)...')
#3 C:\xampp\htdocs\sslais\app\Views\templates\myheader.php(502): CodeIgniter\Database\BaseConnection->query('SELECT COUNT(*)...')
#4 C:\xampp\htdocs\sslais\system\View\View.php(224): include('C:\\xampp\\htdocs...')
#5 C:\xampp\htdocs\sslais\system\View\View.php(227): CodeIgniter\View\View->CodeIgniter\View\{closure}()
#6 C:\xampp\htdocs\sslais\system\Common.php(1173): CodeIgniter\View\View->render('templates/myhea...', Array, true)
#7 C:\xampp\htdocs\sslais\app\Views\loan-availment\loan-profile-main.php(148): view('templates/myhea...')
#8 C:\xampp\htdocs\sslais\system\View\View.php(224): include('C:\\xampp\\htdocs...')
#9 C:\xampp\htdocs\sslais\system\View\View.php(227): CodeIgniter\View\View->CodeIgniter\View\{closure}()
#10 C:\xampp\htdocs\sslais\system\Common.php(1173): CodeIgniter\View\View->render('loan-availment/...', Array, true)
#11 C:\xampp\htdocs\sslais\app\Controllers\LoanProfileController.php(24): view('loan-availment/...')
#12 C:\xampp\htdocs\sslais\system\CodeIgniter.php(933): App\Controllers\LoanProfileController->index()
#13 C:\xampp\htdocs\sslais\system\CodeIgniter.php(507): CodeIgniter\CodeIgniter->runController(Object(App\Controllers\LoanProfileController))
#14 C:\xampp\htdocs\sslais\system\CodeIgniter.php(354): CodeIgniter\CodeIgniter->handleRequest(NULL, Object(Config\Cache), false)
#15 C:\xampp\htdocs\sslais\system\Boot.php(334): CodeIgniter\CodeIgniter->run()
#16 C:\xampp\htdocs\sslais\system\Boot.php(67): CodeIgniter\Boot::runCodeIgniter(Object(CodeIgniter\CodeIgniter))
#17 C:\xampp\htdocs\sslais\public\index.php(56): CodeIgniter\Boot::bootWeb(Object(Config\Paths))
#18 {main}
CRITICAL - 2026-06-17 14:37:58 --> CodeIgniter\Database\Exceptions\DatabaseException: Unknown column 'approval_status' in 'where clause'
[Method: GET, Route: myloanprofile]
in SYSTEMPATH\Database\BaseConnection.php on line 692.
 1 APPPATH\Views\templates\myheader.php(502): CodeIgniter\Database\BaseConnection->query('SELECT COUNT(*) as total FROM tbl_loans WHERE approval_status IN (\'Pending\', \'Submitted\')')
 2 SYSTEMPATH\View\View.php(224): include('C:\\xampp\\htdocs\\sslais\\app\\Views\\templates\\myheader.php')
 3 SYSTEMPATH\View\View.php(227): CodeIgniter\View\View->CodeIgniter\View\{closure}()
 4 SYSTEMPATH\Common.php(1173): CodeIgniter\View\View->render('templates/myheader.php', [], true)
 5 APPPATH\Views\loan-availment\loan-profile-main.php(148): view('templates/myheader.php')
 6 SYSTEMPATH\View\View.php(224): include('C:\\xampp\\htdocs\\sslais\\app\\Views\\loan-availment\\loan-profile-main.php')
 7 SYSTEMPATH\View\View.php(227): CodeIgniter\View\View->CodeIgniter\View\{closure}()
 8 SYSTEMPATH\Common.php(1173): CodeIgniter\View\View->render('loan-availment/loan-profile-main', [], true)
 9 APPPATH\Controllers\LoanProfileController.php(24): view('loan-availment/loan-profile-main')
10 SYSTEMPATH\CodeIgniter.php(933): App\Controllers\LoanProfileController->index()
11 SYSTEMPATH\CodeIgniter.php(507): CodeIgniter\CodeIgniter->runController(Object(App\Controllers\LoanProfileController))
12 SYSTEMPATH\CodeIgniter.php(354): CodeIgniter\CodeIgniter->handleRequest(null, Object(Config\Cache), false)
13 SYSTEMPATH\Boot.php(334): CodeIgniter\CodeIgniter->run()
14 SYSTEMPATH\Boot.php(67): CodeIgniter\Boot::runCodeIgniter(Object(CodeIgniter\CodeIgniter))
15 FCPATH\index.php(56): CodeIgniter\Boot::bootWeb(Object(Config\Paths))
CRITICAL - 2026-06-17 14:37:58 --> [Caused by] CodeIgniter\Database\Exceptions\DatabaseException: Unknown column 'approval_status' in 'where clause'
in SYSTEMPATH\Database\MySQLi\Connection.php on line 332.
 1 SYSTEMPATH\Database\BaseConnection.php(738): CodeIgniter\Database\MySQLi\Connection->execute('SELECT COUNT(*) as total FROM tbl_loans WHERE approval_status IN (\'Pending\', \'Submitted\')')
 2 SYSTEMPATH\Database\BaseConnection.php(652): CodeIgniter\Database\BaseConnection->simpleQuery('SELECT COUNT(*) as total FROM tbl_loans WHERE approval_status IN (\'Pending\', \'Submitted\')')
 3 APPPATH\Views\templates\myheader.php(502): CodeIgniter\Database\BaseConnection->query('SELECT COUNT(*) as total FROM tbl_loans WHERE approval_status IN (\'Pending\', \'Submitted\')')
 4 SYSTEMPATH\View\View.php(224): include('C:\\xampp\\htdocs\\sslais\\app\\Views\\templates\\myheader.php')
 5 SYSTEMPATH\View\View.php(227): CodeIgniter\View\View->CodeIgniter\View\{closure}()
 6 SYSTEMPATH\Common.php(1173): CodeIgniter\View\View->render('templates/myheader.php', [], true)
 7 APPPATH\Views\loan-availment\loan-profile-main.php(148): view('templates/myheader.php')
 8 SYSTEMPATH\View\View.php(224): include('C:\\xampp\\htdocs\\sslais\\app\\Views\\loan-availment\\loan-profile-main.php')
 9 SYSTEMPATH\View\View.php(227): CodeIgniter\View\View->CodeIgniter\View\{closure}()
10 SYSTEMPATH\Common.php(1173): CodeIgniter\View\View->render('loan-availment/loan-profile-main', [], true)
11 APPPATH\Controllers\LoanProfileController.php(24): view('loan-availment/loan-profile-main')
12 SYSTEMPATH\CodeIgniter.php(933): App\Controllers\LoanProfileController->index()
13 SYSTEMPATH\CodeIgniter.php(507): CodeIgniter\CodeIgniter->runController(Object(App\Controllers\LoanProfileController))
14 SYSTEMPATH\CodeIgniter.php(354): CodeIgniter\CodeIgniter->handleRequest(null, Object(Config\Cache), false)
15 SYSTEMPATH\Boot.php(334): CodeIgniter\CodeIgniter->run()
16 SYSTEMPATH\Boot.php(67): CodeIgniter\Boot::runCodeIgniter(Object(CodeIgniter\CodeIgniter))
17 FCPATH\index.php(56): CodeIgniter\Boot::bootWeb(Object(Config\Paths))
CRITICAL - 2026-06-17 14:37:58 --> [Caused by] mysqli_sql_exception: Unknown column 'approval_status' in 'where clause'
in SYSTEMPATH\Database\MySQLi\Connection.php on line 327.
 1 SYSTEMPATH\Database\MySQLi\Connection.php(327): mysqli->query('SELECT COUNT(*) as total FROM tbl_loans WHERE approval_status IN (\'Pending\', \'Submitted\')', 0)
 2 SYSTEMPATH\Database\BaseConnection.php(738): CodeIgniter\Database\MySQLi\Connection->execute('SELECT COUNT(*) as total FROM tbl_loans WHERE approval_status IN (\'Pending\', \'Submitted\')')
 3 SYSTEMPATH\Database\BaseConnection.php(652): CodeIgniter\Database\BaseConnection->simpleQuery('SELECT COUNT(*) as total FROM tbl_loans WHERE approval_status IN (\'Pending\', \'Submitted\')')
 4 APPPATH\Views\templates\myheader.php(502): CodeIgniter\Database\BaseConnection->query('SELECT COUNT(*) as total FROM tbl_loans WHERE approval_status IN (\'Pending\', \'Submitted\')')
 5 SYSTEMPATH\View\View.php(224): include('C:\\xampp\\htdocs\\sslais\\app\\Views\\templates\\myheader.php')
 6 SYSTEMPATH\View\View.php(227): CodeIgniter\View\View->CodeIgniter\View\{closure}()
 7 SYSTEMPATH\Common.php(1173): CodeIgniter\View\View->render('templates/myheader.php', [], true)
 8 APPPATH\Views\loan-availment\loan-profile-main.php(148): view('templates/myheader.php')
 9 SYSTEMPATH\View\View.php(224): include('C:\\xampp\\htdocs\\sslais\\app\\Views\\loan-availment\\loan-profile-main.php')
10 SYSTEMPATH\View\View.php(227): CodeIgniter\View\View->CodeIgniter\View\{closure}()
11 SYSTEMPATH\Common.php(1173): CodeIgniter\View\View->render('loan-availment/loan-profile-main', [], true)
12 APPPATH\Controllers\LoanProfileController.php(24): view('loan-availment/loan-profile-main')
13 SYSTEMPATH\CodeIgniter.php(933): App\Controllers\LoanProfileController->index()
14 SYSTEMPATH\CodeIgniter.php(507): CodeIgniter\CodeIgniter->runController(Object(App\Controllers\LoanProfileController))
15 SYSTEMPATH\CodeIgniter.php(354): CodeIgniter\CodeIgniter->handleRequest(null, Object(Config\Cache), false)
16 SYSTEMPATH\Boot.php(334): CodeIgniter\CodeIgniter->run()
17 SYSTEMPATH\Boot.php(67): CodeIgniter\Boot::runCodeIgniter(Object(CodeIgniter\CodeIgniter))
18 FCPATH\index.php(56): CodeIgniter\Boot::bootWeb(Object(Config\Paths))
CRITICAL - 2026-06-17 15:28:28 --> CodeIgniter\View\Exceptions\ViewException: Invalid file: "paymentschedule/payment-schedule-main.php"
[Method: GET, Route: mypaymentschedule]
in SYSTEMPATH\Exceptions\FrameworkException.php on line 39.
 1 SYSTEMPATH\View\View.php(212): CodeIgniter\Exceptions\FrameworkException::forInvalidFile('paymentschedule/payment-schedule-main.php')
 2 SYSTEMPATH\Common.php(1173): CodeIgniter\View\View->render('paymentschedule/payment-schedule-main', [], true)
 3 APPPATH\Controllers\PaymentScheduleController.php(130): view('paymentschedule/payment-schedule-main', [...])
 4 APPPATH\Controllers\PaymentScheduleController.php(29): App\Controllers\PaymentScheduleController->loadPaymentScheduleView('23')
 5 SYSTEMPATH\CodeIgniter.php(933): App\Controllers\PaymentScheduleController->index()
 6 SYSTEMPATH\CodeIgniter.php(507): CodeIgniter\CodeIgniter->runController(Object(App\Controllers\PaymentScheduleController))
 7 SYSTEMPATH\CodeIgniter.php(354): CodeIgniter\CodeIgniter->handleRequest(null, Object(Config\Cache), false)
 8 SYSTEMPATH\Boot.php(334): CodeIgniter\CodeIgniter->run()
 9 SYSTEMPATH\Boot.php(67): CodeIgniter\Boot::runCodeIgniter(Object(CodeIgniter\CodeIgniter))
10 FCPATH\index.php(56): CodeIgniter\Boot::bootWeb(Object(Config\Paths))
CRITICAL - 2026-06-17 15:43:06 --> CodeIgniter\View\Exceptions\ViewException: Invalid file: "paymentschedule/payment-schedule-main.php"
[Method: GET, Route: mypaymentschedule]
in SYSTEMPATH\Exceptions\FrameworkException.php on line 39.
 1 SYSTEMPATH\View\View.php(212): CodeIgniter\Exceptions\FrameworkException::forInvalidFile('paymentschedule/payment-schedule-main.php')
 2 SYSTEMPATH\Common.php(1173): CodeIgniter\View\View->render('paymentschedule/payment-schedule-main', [], true)
 3 APPPATH\Controllers\PaymentScheduleController.php(130): view('paymentschedule/payment-schedule-main', [...])
 4 APPPATH\Controllers\PaymentScheduleController.php(29): App\Controllers\PaymentScheduleController->loadPaymentScheduleView('23')
 5 SYSTEMPATH\CodeIgniter.php(933): App\Controllers\PaymentScheduleController->index()
 6 SYSTEMPATH\CodeIgniter.php(507): CodeIgniter\CodeIgniter->runController(Object(App\Controllers\PaymentScheduleController))
 7 SYSTEMPATH\CodeIgniter.php(354): CodeIgniter\CodeIgniter->handleRequest(null, Object(Config\Cache), false)
 8 SYSTEMPATH\Boot.php(334): CodeIgniter\CodeIgniter->run()
 9 SYSTEMPATH\Boot.php(67): CodeIgniter\Boot::runCodeIgniter(Object(CodeIgniter\CodeIgniter))
10 FCPATH\index.php(56): CodeIgniter\Boot::bootWeb(Object(Config\Paths))
CRITICAL - 2026-06-17 15:52:40 --> CodeIgniter\View\Exceptions\ViewException: Invalid file: "paymentschedule/payment-schedule-main.php"
[Method: GET, Route: mypaymentschedule]
in SYSTEMPATH\Exceptions\FrameworkException.php on line 39.
 1 SYSTEMPATH\View\View.php(212): CodeIgniter\Exceptions\FrameworkException::forInvalidFile('paymentschedule/payment-schedule-main.php')
 2 SYSTEMPATH\Common.php(1173): CodeIgniter\View\View->render('paymentschedule/payment-schedule-main', [], true)
 3 APPPATH\Controllers\PaymentScheduleController.php(130): view('paymentschedule/payment-schedule-main', [...])
 4 APPPATH\Controllers\PaymentScheduleController.php(29): App\Controllers\PaymentScheduleController->loadPaymentScheduleView(null)
 5 SYSTEMPATH\CodeIgniter.php(933): App\Controllers\PaymentScheduleController->index()
 6 SYSTEMPATH\CodeIgniter.php(507): CodeIgniter\CodeIgniter->runController(Object(App\Controllers\PaymentScheduleController))
 7 SYSTEMPATH\CodeIgniter.php(354): CodeIgniter\CodeIgniter->handleRequest(null, Object(Config\Cache), false)
 8 SYSTEMPATH\Boot.php(334): CodeIgniter\CodeIgniter->run()
 9 SYSTEMPATH\Boot.php(67): CodeIgniter\Boot::runCodeIgniter(Object(CodeIgniter\CodeIgniter))
10 FCPATH\index.php(56): CodeIgniter\Boot::bootWeb(Object(Config\Paths))
